нареч. ago 
общ.
тому назад 
________________________________________________________________________________
матем.
тому назад (ago не употребляется перед since)
________________________________________________________________________________
сокр. AGO 
бизн.
Aims Goals Objectives 
________________________________________________________________________________
бухг.
скорректированный валовой доход (для целей налогообложения, adjusted gross income)
________________________________________________________________________________
воен.
Adjutant-General's Office ; 
 Auditor General's Office ; 
 administration group office ; 
 air gunnery officer ; 
 antigas officer 
________________________________________________________________________________
геол.
Automated Geophysical Observatory 
________________________________________________________________________________
НАСА
Santiago Ground Station 
________________________________________________________________________________
нефт.газ.
ADO (automotive gasoil kotechek ); 
 атмосферный газойль (atmospheric gasoil kotechek )
________________________________________________________________________________
сокр.
average outgoing quality 
________________________________________________________________________________
юр.
Attorney General opinions 
________________________________________________________________________________